====================================================================================================================
		Cubism UP 3D (velocity-pressure 3D incompressible Navier-Stokes solver)
====================================================================================================================
Rank 0 (of 2) with 24 threads on host Hostname: nid03508
Blocks per dimension: [16 8 4]
Nranks per dimension: [2 1 1]
Resident blocks per dim: [8 8 4]
-------------   OBSTACLE FACTORY : START (1 objects)   ------------
Got sim extents 1 0.25 0.125
519 0.500000 1.000000 0.000000 0.000977
-------------   OBSTACLE FACTORY : END   ------------
Got sim extents 1 0.25 0.125
Fluid kinematic viscosity: 6.250000000e-05, Reynolds number: 4.000000000e+03 (length scale: 5.000000000e-01)
Discrepancy in computed volume during correction = 0.000630904.
Max error in computed momenta during correction = 9.54209e-06.
Correction of: lin mom [0.000000 0.000000 0.000000] ang mom [0.000000 0.000000 0.000000]
[mpi rank 0] isize  256 128  64 osize  512  64  33
[mpi rank 0] istart   0   0   0 ostart   0   0   0
Coordinator/Operator ordering:
	ComputeShape
	Advection
	Diffusion
	Penalization
	Pressure
	ComputeForces
	ComputeObstDiag
	FadeOut
